../Core/Src/controllers/sessionController.c:133:6:SessionControllerInit	24	static
../Core/Src/controllers/sessionController.c:148:6:SessionControllerProcess	72	static
../Core/Src/controllers/sessionController.c:213:5:Start	8	static
../Core/Src/controllers/sessionController.c:218:5:IdleAwake	8	static
../Core/Src/controllers/sessionController.c:225:5:DeepSleep	8	static
../Core/Src/controllers/sessionController.c:232:5:WaitingForSelection	8	static
../Core/Src/controllers/sessionController.c:239:5:LoadMode	8	static
../Core/Src/controllers/sessionController.c:246:5:CliMode	8	static
../Core/Src/controllers/sessionController.c:260:5:StartPreviouseMode	8	static
../Core/Src/controllers/sessionController.c:270:5:InMode	16	static
../Core/Src/controllers/sessionController.c:281:5:IdelAwakeOutput	4	static
../Core/Src/controllers/sessionController.c:282:5:SleepOutput	4	static
../Core/Src/controllers/sessionController.c:283:5:WaitingForInputOutput	4	static
../Core/Src/controllers/sessionController.c:284:5:CliModeOutput	4	static
../Core/Src/controllers/sessionController.c:285:5:ModeLoading	4	static
../Core/Src/controllers/sessionController.c:287:5:StartProcess	4	static
../Core/Src/controllers/sessionController.c:289:5:IdleAwakeProcess	4	static
../Core/Src/controllers/sessionController.c:291:5:DeepSleepProcess	4	static
../Core/Src/controllers/sessionController.c:293:5:WaitingForSelectionProcess	48	static
../Core/Src/controllers/sessionController.c:315:5:LoadModeProcess	4	static
../Core/Src/controllers/sessionController.c:317:5:CliModeProcess	8	static
../Core/Src/controllers/sessionController.c:322:5:StartPreviouseModeProcess	4	static
../Core/Src/controllers/sessionController.c:324:5:InModeProcess	8	static
../Core/Src/controllers/sessionController.c:330:6:HAL_GPIO_EXTI_Callback	24	static
