../Core/Src/controllers/sessionController.c:132:6:ChangeUser	16	static
../Core/Src/controllers/sessionController.c:136:6:SessionControllerInit	24	static
../Core/Src/controllers/sessionController.c:151:6:SessionControllerProcess	56	static
../Core/Src/controllers/sessionController.c:207:5:Start	8	static
../Core/Src/controllers/sessionController.c:212:5:IdleAwake	8	static
../Core/Src/controllers/sessionController.c:219:5:DeepSleep	8	static
../Core/Src/controllers/sessionController.c:226:5:WaitingForSelection	8	static
../Core/Src/controllers/sessionController.c:233:5:LoadMode	8	static
../Core/Src/controllers/sessionController.c:240:5:CliMode	8	static
../Core/Src/controllers/sessionController.c:254:5:StartPreviouseMode	8	static
../Core/Src/controllers/sessionController.c:264:5:InMode	8	static
../Core/Src/controllers/sessionController.c:275:5:IdelAwakeOutput	4	static
../Core/Src/controllers/sessionController.c:276:5:SleepOutput	4	static
../Core/Src/controllers/sessionController.c:277:5:WaitingForInputOutput	4	static
../Core/Src/controllers/sessionController.c:278:5:CliModeOutput	4	static
../Core/Src/controllers/sessionController.c:279:5:ModeLoading	4	static
../Core/Src/controllers/sessionController.c:281:5:StartProcess	4	static
../Core/Src/controllers/sessionController.c:283:5:IdleAwakeProcess	4	static
../Core/Src/controllers/sessionController.c:285:5:DeepSleepProcess	4	static
../Core/Src/controllers/sessionController.c:287:5:WaitingForSelectionProcess	4	static
../Core/Src/controllers/sessionController.c:289:5:LoadModeProcess	4	static
../Core/Src/controllers/sessionController.c:291:5:CliModeProcess	8	static
../Core/Src/controllers/sessionController.c:296:5:StartPreviouseModeProcess	4	static
../Core/Src/controllers/sessionController.c:298:5:InModeProcess	8	static
../Core/Src/controllers/sessionController.c:302:6:HAL_GPIO_EXTI_Callback	24	static
