../Core/Src/controllers/sessionController.c:99:6:ChangeUser	16	static
../Core/Src/controllers/sessionController.c:103:6:SessionControllerInit	24	static
../Core/Src/controllers/sessionController.c:114:6:SessionControllerProcess	48	static
../Core/Src/controllers/sessionController.c:164:5:Start	8	static
../Core/Src/controllers/sessionController.c:169:5:IdleAwake	8	static
../Core/Src/controllers/sessionController.c:176:5:DeepSleep	8	static
../Core/Src/controllers/sessionController.c:183:5:WaitingForSelection	8	static
../Core/Src/controllers/sessionController.c:190:5:LoadMode	8	static
../Core/Src/controllers/sessionController.c:197:5:CliMode	8	static
../Core/Src/controllers/sessionController.c:211:5:StartPreviouseMode	8	static
../Core/Src/controllers/sessionController.c:221:5:InMode	8	static
../Core/Src/controllers/sessionController.c:231:5:IdelAwakeOutput	4	static
../Core/Src/controllers/sessionController.c:232:5:SleepOutput	4	static
../Core/Src/controllers/sessionController.c:233:5:WaitingForInputOutput	4	static
../Core/Src/controllers/sessionController.c:234:5:CliModeOutput	4	static
../Core/Src/controllers/sessionController.c:235:5:ModeLoading	4	static
../Core/Src/controllers/sessionController.c:237:5:StartProcess	4	static
../Core/Src/controllers/sessionController.c:239:5:IdleAwakeProcess	4	static
../Core/Src/controllers/sessionController.c:241:5:DeepSleepProcess	4	static
../Core/Src/controllers/sessionController.c:243:5:WaitingForSelectionProcess	4	static
../Core/Src/controllers/sessionController.c:245:5:LoadModeProcess	4	static
../Core/Src/controllers/sessionController.c:247:5:CliModeProcess	8	static
../Core/Src/controllers/sessionController.c:252:5:StartPreviouseModeProcess	4	static
../Core/Src/controllers/sessionController.c:254:5:InModeProcess	4	static
../Core/Src/controllers/sessionController.c:256:6:HAL_GPIO_EXTI_Callback	24	static
