../Core/Src/controllers/sessionController.c:134:6:SessionControllerInit	24	static
../Core/Src/controllers/sessionController.c:149:6:SessionControllerProcess	40	static
../Core/Src/controllers/sessionController.c:214:5:Start	8	static
../Core/Src/controllers/sessionController.c:219:5:IdleAwake	8	static
../Core/Src/controllers/sessionController.c:226:5:DeepSleep	8	static
../Core/Src/controllers/sessionController.c:233:5:WaitingForSelection	8	static
../Core/Src/controllers/sessionController.c:240:5:LoadMode	8	static
../Core/Src/controllers/sessionController.c:247:5:CliMode	8	static
../Core/Src/controllers/sessionController.c:261:5:StartPreviouseMode	8	static
../Core/Src/controllers/sessionController.c:271:5:InMode	16	static
../Core/Src/controllers/sessionController.c:282:5:IdelAwakeOutput	4	static
../Core/Src/controllers/sessionController.c:283:5:SleepOutput	4	static
../Core/Src/controllers/sessionController.c:284:5:WaitingForInputOutput	4	static
../Core/Src/controllers/sessionController.c:285:5:CliModeOutput	4	static
../Core/Src/controllers/sessionController.c:286:5:ModeLoading	4	static
../Core/Src/controllers/sessionController.c:288:5:StartProcess	4	static
../Core/Src/controllers/sessionController.c:290:5:IdleAwakeProcess	4	static
../Core/Src/controllers/sessionController.c:292:5:DeepSleepProcess	4	static
../Core/Src/controllers/sessionController.c:294:5:WaitingForSelectionProcess	48	static
../Core/Src/controllers/sessionController.c:316:5:LoadModeProcess	4	static
../Core/Src/controllers/sessionController.c:318:5:CliModeProcess	8	static
../Core/Src/controllers/sessionController.c:323:5:StartPreviouseModeProcess	4	static
../Core/Src/controllers/sessionController.c:325:5:InModeProcess	8	static
../Core/Src/controllers/sessionController.c:331:6:HAL_GPIO_EXTI_Callback	24	static
