../Core/Src/controllers/sessionController.c:140:6:SessionControllerInit	24	static
../Core/Src/controllers/sessionController.c:155:6:SessionControllerProcess	72	static
../Core/Src/controllers/sessionController.c:220:5:Start	8	static
../Core/Src/controllers/sessionController.c:225:5:IdleAwake	8	static
../Core/Src/controllers/sessionController.c:232:5:DeepSleep	8	static
../Core/Src/controllers/sessionController.c:239:5:WaitingForSelection	8	static
../Core/Src/controllers/sessionController.c:246:5:LoadMode	8	static
../Core/Src/controllers/sessionController.c:253:5:CliMode	8	static
../Core/Src/controllers/sessionController.c:267:5:StartPreviouseMode	8	static
../Core/Src/controllers/sessionController.c:277:5:InMode	16	static
../Core/Src/controllers/sessionController.c:288:5:IdelAwakeOutput	4	static
../Core/Src/controllers/sessionController.c:289:5:SleepOutput	4	static
../Core/Src/controllers/sessionController.c:290:5:WaitingForInputOutput	4	static
../Core/Src/controllers/sessionController.c:291:5:CliModeOutput	4	static
../Core/Src/controllers/sessionController.c:292:5:ModeLoading	4	static
../Core/Src/controllers/sessionController.c:294:5:StartProcess	4	static
../Core/Src/controllers/sessionController.c:296:5:IdleAwakeProcess	4	static
../Core/Src/controllers/sessionController.c:298:5:DeepSleepProcess	4	static
../Core/Src/controllers/sessionController.c:300:5:WaitingForSelectionProcess	48	static
../Core/Src/controllers/sessionController.c:322:5:LoadModeProcess	4	static
../Core/Src/controllers/sessionController.c:324:5:CliModeProcess	8	static
../Core/Src/controllers/sessionController.c:329:5:StartPreviouseModeProcess	4	static
../Core/Src/controllers/sessionController.c:331:5:InModeProcess	8	static
../Core/Src/controllers/sessionController.c:337:6:HAL_GPIO_EXTI_Callback	24	static
