../Core/Src/controllers/sessionController.c:133:6:ChangeUser	16	static
../Core/Src/controllers/sessionController.c:137:6:SessionControllerInit	24	static
../Core/Src/controllers/sessionController.c:156:6:SessionControllerProcess	56	static
../Core/Src/controllers/sessionController.c:215:5:Start	8	static
../Core/Src/controllers/sessionController.c:220:5:IdleAwake	8	static
../Core/Src/controllers/sessionController.c:227:5:DeepSleep	8	static
../Core/Src/controllers/sessionController.c:234:5:WaitingForSelection	8	static
../Core/Src/controllers/sessionController.c:241:5:LoadMode	8	static
../Core/Src/controllers/sessionController.c:248:5:CliMode	8	static
../Core/Src/controllers/sessionController.c:262:5:StartPreviouseMode	8	static
../Core/Src/controllers/sessionController.c:272:5:InMode	8	static
../Core/Src/controllers/sessionController.c:283:5:IdelAwakeOutput	4	static
../Core/Src/controllers/sessionController.c:284:5:SleepOutput	4	static
../Core/Src/controllers/sessionController.c:285:5:WaitingForInputOutput	4	static
../Core/Src/controllers/sessionController.c:286:5:CliModeOutput	4	static
../Core/Src/controllers/sessionController.c:287:5:ModeLoading	4	static
../Core/Src/controllers/sessionController.c:289:5:StartProcess	4	static
../Core/Src/controllers/sessionController.c:291:5:IdleAwakeProcess	4	static
../Core/Src/controllers/sessionController.c:293:5:DeepSleepProcess	4	static
../Core/Src/controllers/sessionController.c:295:5:WaitingForSelectionProcess	4	static
../Core/Src/controllers/sessionController.c:297:5:LoadModeProcess	4	static
../Core/Src/controllers/sessionController.c:299:5:CliModeProcess	8	static
../Core/Src/controllers/sessionController.c:304:5:StartPreviouseModeProcess	4	static
../Core/Src/controllers/sessionController.c:306:5:InModeProcess	8	static
../Core/Src/controllers/sessionController.c:310:6:HAL_GPIO_EXTI_Callback	24	static
