../Core/Src/main.c:87:5:main	8	static
../Core/Src/main.c:140:6:SystemClock_Config	88	static
../Core/Src/main.c:186:13:MX_CRC_Init	8	static
../Core/Src/main.c:212:13:MX_I2C3_Init	8	static
../Core/Src/main.c:260:13:MX_SPI5_Init	8	static
../Core/Src/main.c:298:13:MX_TIM1_Init	32	static
../Core/Src/main.c:344:13:MX_TIM2_Init	64	static
../Core/Src/main.c:403:13:MX_USART1_UART_Init	8	static
../Core/Src/main.c:434:13:MX_DMA_Init	16	static
../Core/Src/main.c:448:13:MX_FMC_Init	40	static
../Core/Src/main.c:499:13:MX_GPIO_Init	64	static
../Core/Src/main.c:657:6:HAL_TIM_PeriodElapsedCallback	16	static
../Core/Src/main.c:674:6:Error_Handler	4	static,ignoring_inline_asm
