../Core/Src/main.c:91:5:main	16	static
../Core/Src/main.c:162:6:SystemClock_Config	88	static
../Core/Src/main.c:208:13:MX_CRC_Init	8	static
../Core/Src/main.c:234:13:MX_I2C3_Init	8	static
../Core/Src/main.c:282:13:MX_SPI5_Init	8	static
../Core/Src/main.c:320:13:MX_TIM1_Init	32	static
../Core/Src/main.c:366:13:MX_TIM2_Init	64	static
../Core/Src/main.c:425:13:MX_USART1_UART_Init	8	static
../Core/Src/main.c:456:13:MX_DMA_Init	16	static
../Core/Src/main.c:470:13:MX_FMC_Init	40	static
../Core/Src/main.c:521:13:MX_GPIO_Init	64	static
../Core/Src/main.c:668:10:hsl_to_rgb	32	static
../Core/Src/main.c:706:6:HAL_TIM_PeriodElapsedCallback	16	static
../Core/Src/main.c:723:6:Error_Handler	4	static,ignoring_inline_asm
