../Core/Src/SessionController.c:98:6:ChangeUser	16	static
../Core/Src/SessionController.c:102:6:SessionControllerInit	24	static
../Core/Src/SessionController.c:119:6:SessionControllerProcess	56	static
../Core/Src/SessionController.c:167:5:Start	8	static
../Core/Src/SessionController.c:172:5:IdleAwake	8	static
../Core/Src/SessionController.c:178:5:DeepSleep	8	static
../Core/Src/SessionController.c:184:5:WaitingForSelection	8	static
../Core/Src/SessionController.c:190:5:LoadMode	8	static
../Core/Src/SessionController.c:196:5:CliMode	8	static
../Core/Src/SessionController.c:205:5:StartPreviouseMode	8	static
../Core/Src/SessionController.c:212:5:InMode	8	static
../Core/Src/SessionController.c:222:5:IdelAwakeOutput	4	static
../Core/Src/SessionController.c:223:5:SleepOutput	4	static
../Core/Src/SessionController.c:224:5:WaitingForInputOutput	4	static
../Core/Src/SessionController.c:225:5:CliModeOutput	4	static
../Core/Src/SessionController.c:226:5:ModeLoading	4	static
../Core/Src/SessionController.c:228:5:StartProcess	4	static
../Core/Src/SessionController.c:229:5:IdleAwakeProcess	4	static
../Core/Src/SessionController.c:230:5:DeepSleepProcess	4	static
../Core/Src/SessionController.c:231:5:WaitingForSelectionProcess	4	static
../Core/Src/SessionController.c:232:5:LoadModeProcess	4	static
../Core/Src/SessionController.c:233:5:CliModeProcess	4	static
../Core/Src/SessionController.c:234:5:StartPreviouseModeProcess	4	static
../Core/Src/SessionController.c:235:5:InModeProcess	4	static
../Core/Src/SessionController.c:237:6:HAL_GPIO_EXTI_Callback	24	static
