../Core/Src/SessionController.c:81:6:ChangeUser	16	static
../Core/Src/SessionController.c:85:6:SessionControllerInit	24	static
../Core/Src/SessionController.c:102:6:SessionControllerProcess	56	static
../Core/Src/SessionController.c:146:5:Start	8	static
../Core/Src/SessionController.c:151:5:IdleAwake	8	static
../Core/Src/SessionController.c:157:5:DeepSleep	8	static
../Core/Src/SessionController.c:163:5:WaitingForSelection	8	static
../Core/Src/SessionController.c:169:5:LoadMode	8	static
../Core/Src/SessionController.c:175:5:CliMode	8	static
../Core/Src/SessionController.c:181:5:StartPreviouseMode	8	static
../Core/Src/SessionController.c:188:5:InMode	8	static
../Core/Src/SessionController.c:198:5:IdelAwakeOutput	4	static
../Core/Src/SessionController.c:199:5:SleepOutput	4	static
../Core/Src/SessionController.c:200:5:WaitingForInputOutput	4	static
../Core/Src/SessionController.c:201:5:CliModeOutput	4	static
../Core/Src/SessionController.c:202:5:ModeLoading	4	static
