../Core/Src/drivers/file_USB_driver.c:40:6:Send_USB_Console_Message	16	static
../Core/Src/drivers/file_USB_driver.c:47:6:Mount_USB	8	static
../Core/Src/drivers/file_USB_driver.c:55:6:Unmount_USB	8	static
../Core/Src/drivers/file_USB_driver.c:63:9:Scan_USB	80	static
../Core/Src/drivers/file_USB_driver.c:106:9:Format_USB	64	static
../Core/Src/drivers/file_USB_driver.c:137:9:Check_File	16	static
../Core/Src/drivers/file_USB_driver.c:144:9:Write_File	40	static
../Core/Src/drivers/file_USB_driver.c:208:9:Read_File	48	static
../Core/Src/drivers/file_USB_driver.c:280:9:Create_File	40	static
../Core/Src/drivers/file_USB_driver.c:329:9:Update_File	48	static
../Core/Src/drivers/file_USB_driver.c:398:9:Remove_File	32	static
../Core/Src/drivers/file_USB_driver.c:433:9:Create_Dir	24	static
../Core/Src/drivers/file_USB_driver.c:453:6:Check_USB_Details	16	static
