../Core/Src/main.c:91:5:main	8	static
../Core/Src/main.c:150:6:SystemClock_Config	88	static
../Core/Src/main.c:196:13:MX_CRC_Init	8	static
../Core/Src/main.c:222:13:MX_I2C3_Init	8	static
../Core/Src/main.c:270:13:MX_SPI5_Init	8	static
../Core/Src/main.c:308:13:MX_TIM1_Init	32	static
../Core/Src/main.c:354:13:MX_TIM2_Init	64	static
../Core/Src/main.c:413:13:MX_USART1_UART_Init	8	static
../Core/Src/main.c:444:13:MX_DMA_Init	16	static
../Core/Src/main.c:458:13:MX_FMC_Init	40	static
../Core/Src/main.c:509:13:MX_GPIO_Init	64	static
../Core/Src/main.c:673:6:prepareSleep	4	static
../Core/Src/main.c:682:6:Error_Handler	4	static,ignoring_inline_asm
