../Core/Src/main.c:89:5:main	8	static
../Core/Src/main.c:148:6:SystemClock_Config	88	static
../Core/Src/main.c:194:13:MX_CRC_Init	8	static
../Core/Src/main.c:220:13:MX_I2C1_Init	8	static
../Core/Src/main.c:268:13:MX_I2C3_Init	8	static
../Core/Src/main.c:316:13:MX_SPI5_Init	8	static
../Core/Src/main.c:354:13:MX_TIM1_Init	32	static
../Core/Src/main.c:400:13:MX_USART1_UART_Init	8	static
../Core/Src/main.c:429:13:MX_FMC_Init	40	static
../Core/Src/main.c:480:13:MX_GPIO_Init	64	static
../Core/Src/main.c:642:6:Error_Handler	4	static,ignoring_inline_asm
